// Jest Snapshot v1, https://goo.gl/fbAQLP

exports[`NotFoundPage component renders a .NotFoundPage by default 1`] = `
<main>
  <h2>
    404 - Page not found
  </h2>
  <p>
    Try going back to your previous page.
  </p>
</main>
`;
