// Jest Snapshot v1, https://goo.gl/fbAQLP

exports[`PieChartWrapper component renders a .PieChartWrapper by default 1`] = `
<div
  className="chartContainer"
>
  <div />
  <div
    className="info"
  />
</div>
`;
