// Jest Snapshot v1, https://goo.gl/fbAQLP

exports[`EmailTemplate component renders a .EmailTemplateWindow by default 1`] = `
<div>
  <div
    className="templateContent"
  >
    <p
      className="templateSubject"
    />
    <p
      className="templateBody"
    />
  </div>
</div>
`;
