// Jest Snapshot v1, https://goo.gl/fbAQLP

exports[`Chart Wrapper component renders a .ChartWrapper by default 1`] = `<div />`;
