// Jest Snapshot v1, https://goo.gl/fbAQLP

exports[`LandingPage component renders a .LandingPage by default 1`] = `
<main
  className="container"
  role="main"
>
  <header
    className="header"
  >
    <nav
      className="nav"
      role="navigation"
    >
      <img
        className="logo"
        src="logo.png"
      />
      <div>
        <Link
          to="/login"
        >
          <Button
            className="button"
          >
            Sign In
          </Button>
        </Link>
      </div>
    </nav>
  </header>
  <header
    className="banner"
    role="banner"
  >
    <h1
      className="h1"
    >
      Streamline your coordinator workflow.
    </h1>
    <h2
      className="h2"
    >
      Let the coordinator tool take care of your project tracking, email composition, update emails and more.
    </h2>
    <Link
      to="/register"
    >
      <Button
        className="button"
      >
        Sign Up
      </Button>
    </Link>
  </header>
  <section
    className="section section1"
  >
    <div
      className="sectionContent"
    >
      <h3
        className="sectionHeader"
      >
        All of your tasks in one place
      </h3>
      <p
        className="text"
      >
        Keep track of advisors that you reach out to and projects that you are assisting on using the main task list.
      </p>
    </div>
    <div
      className="deviceMacbook"
    >
      <img
        className="list"
        src="list2.png"
      />
      <svg
        className="macbook"
        fill="none"
        viewBox="0 0 620 390"
        xmlns="http://www.w3.org/2000/svg"
      >
        <g
          id="macbook"
        >
          <mask
            height="390"
            id="mask0"
            mask-type="alpha"
            maskUnits="userSpaceOnUse"
            width="620"
            x="0"
            y="0"
          >
            <path
              clipRule="evenodd"
              d="M620 0H0V390H620V0ZM539 44.9993H83V330.003H539V44.9993Z"
              fill="white"
              fillRule="evenodd"
              id="mask"
            />
          </mask>
          <g
            mask="url(#mask0)"
          >
            <g
              id="macbook_2"
            >
              <g
                id="shadows"
              >
                <g
                  filter="url(#filter0_f)"
                  id="Rectangle 5"
                  opacity="0.8"
                >
                  <rect
                    fill="url(#paint0_linear)"
                    height="3"
                    transform="matrix(1 0 0 -1 73 360)"
                    width="475"
                  />
                </g>
                <g
                  filter="url(#filter1_f)"
                  id="Rectangle 5_2"
                >
                  <rect
                    fill="url(#paint1_linear)"
                    height="1.20038"
                    width="475.2"
                    x="28"
                    y="360.907"
                  />
                </g>
                <g
                  filter="url(#filter2_f)"
                  id="Rectangle 5_3"
                >
                  <rect
                    fill="url(#paint2_linear)"
                    height="1.20038"
                    transform="matrix(-1 0 0 1 587.2 360.907)"
                    width="475.2"
                  />
                </g>
                <g
                  filter="url(#filter3_f)"
                  id="Rectangle 8"
                  opacity="0.05"
                >
                  <rect
                    fill="black"
                    height="35.4111"
                    rx="17.7056"
                    width="500.4"
                    x="59.8"
                    y="342.701"
                  />
                </g>
              </g>
              <g
                id="case"
              >
                <g
                  filter="url(#filter4_dd)"
                  id="screen"
                >
                  <rect
                    fill="url(#paint3_linear)"
                    height="330"
                    rx="15.6"
                    width="505"
                    x="58"
                    y="22"
                  />
                </g>
                <rect
                  fill="url(#paint4_linear)"
                  height="4"
                  id="front"
                  width="600"
                  x="10"
                  y="349"
                />
                <g
                  id="notch"
                >
                  <path
                    d="M257 349H364C364 350.657 362.657 352 361 352H260C258.343 352 257 350.657 257 349Z"
                    fill="url(#paint5_linear)"
                  />
                  <path
                    d="M257 349H364C364 350.657 362.657 352 361 352H260C258.343 352 257 350.657 257 349Z"
                    fill="white"
                    style={
                      Object {
                        "mixBlendMode": "multiply",
                      }
                    }
                  />
                </g>
                <g
                  id="bottom"
                >
                  <path
                    clipRule="evenodd"
                    d="M106 360C24.4241 360 11 353 11 353L311 352L609 353C609 353 595.614 360 514 360H311H106Z"
                    fill="url(#paint6_linear)"
                    fillRule="evenodd"
                  />
                  <path
                    d="M11 353L10.999 352.7L10.8613 353.266L11 353ZM311 352L311.001 351.7L310.999 351.7L311 352ZM609 353L609.139 353.266L609.001 352.7L609 353ZM11 353C10.8613 353.266 10.8617 353.266 10.8621 353.266C10.8623 353.267 10.8628 353.267 10.8632 353.267C10.864 353.267 10.8651 353.268 10.8663 353.269C10.8689 353.27 10.8722 353.272 10.8764 353.274C10.8849 353.278 10.8967 353.284 10.9123 353.291C10.9434 353.306 10.9892 353.327 11.0513 353.354C11.1756 353.408 11.3652 353.485 11.6336 353.583C12.1703 353.778 13.0226 354.054 14.2969 354.384C16.8452 355.044 21.0852 355.921 27.8706 356.798C41.4409 358.55 65.2048 360.3 106 360.3V359.7C65.2193 359.7 41.4832 357.95 27.9475 356.202C21.1798 355.329 16.9654 354.456 14.4474 353.803C13.1885 353.477 12.3548 353.207 11.8387 353.019C11.5807 352.925 11.4023 352.852 11.29 352.803C11.2339 352.779 11.1944 352.761 11.1697 352.749C11.1574 352.743 11.1488 352.739 11.1437 352.736C11.1411 352.735 11.1394 352.734 11.1386 352.734C11.1382 352.734 11.138 352.734 11.138 352.734C11.138 352.734 11.1382 352.734 11.1382 352.734C11.1384 352.734 11.1387 352.734 11 353ZM310.999 351.7L10.999 352.7L11.001 353.3L311.001 352.3L310.999 351.7ZM310.999 352.3L608.999 353.3L609.001 352.7L311.001 351.7L310.999 352.3ZM609 353C608.861 352.734 608.861 352.734 608.861 352.734C608.861 352.734 608.862 352.734 608.862 352.734C608.862 352.734 608.861 352.734 608.861 352.734C608.86 352.735 608.859 352.735 608.856 352.737C608.851 352.739 608.842 352.743 608.83 352.749C608.806 352.761 608.766 352.779 608.71 352.803C608.598 352.852 608.42 352.925 608.163 353.019C607.648 353.207 606.815 353.477 605.558 353.803C603.043 354.456 598.832 355.329 592.067 356.202C578.536 357.95 554.8 359.7 514 359.7V360.3C554.814 360.3 578.578 358.55 592.144 356.798C598.927 355.921 603.163 355.044 605.709 354.384C606.981 354.054 607.832 353.778 608.368 353.583C608.636 353.485 608.825 353.408 608.949 353.354C609.011 353.327 609.057 353.306 609.088 353.291C609.104 353.284 609.115 353.278 609.124 353.274C609.128 353.271 609.131 353.27 609.134 353.268C609.135 353.268 609.136 353.267 609.137 353.267C609.138 353.267 609.138 353.266 609.138 353.266C609.139 353.266 609.139 353.266 609 353ZM514 359.7H311V360.3H514V359.7ZM106 360.3H311V359.7H106V360.3Z"
                    fill="url(#paint7_linear)"
                  />
                </g>
              </g>
            </g>
          </g>
        </g>
        <defs>
          <filter
            colorInterpolationFilters="sRGB"
            filterUnits="userSpaceOnUse"
            height="16.5908"
            id="filter0_f"
            width="488.591"
            x="66.2046"
            y="350.205"
          >
            <feFlood
              floodOpacity="0"
              result="BackgroundImageFix"
            />
            <feBlend
              in="SourceGraphic"
              in2="BackgroundImageFix"
              mode="normal"
              result="shape"
            />
            <feGaussianBlur
              result="effect1_foregroundBlur"
              stdDeviation="3.3977"
            />
          </filter>
          <filter
            colorInterpolationFilters="sRGB"
            filterUnits="userSpaceOnUse"
            height="14.7912"
            id="filter1_f"
            width="488.791"
            x="21.2046"
            y="354.112"
          >
            <feFlood
              floodOpacity="0"
              result="BackgroundImageFix"
            />
            <feBlend
              in="SourceGraphic"
              in2="BackgroundImageFix"
              mode="normal"
              result="shape"
            />
            <feGaussianBlur
              result="effect1_foregroundBlur"
              stdDeviation="3.3977"
            />
          </filter>
          <filter
            colorInterpolationFilters="sRGB"
            filterUnits="userSpaceOnUse"
            height="14.7912"
            id="filter2_f"
            width="488.791"
            x="105.205"
            y="354.112"
          >
            <feFlood
              floodOpacity="0"
              result="BackgroundImageFix"
            />
            <feBlend
              in="SourceGraphic"
              in2="BackgroundImageFix"
              mode="normal"
              result="shape"
            />
            <feGaussianBlur
              result="effect1_foregroundBlur"
              stdDeviation="3.3977"
            />
          </filter>
          <filter
            colorInterpolationFilters="sRGB"
            filterUnits="userSpaceOnUse"
            height="68.0305"
            id="filter3_f"
            width="533.019"
            x="43.4903"
            y="326.391"
          >
            <feFlood
              floodOpacity="0"
              result="BackgroundImageFix"
            />
            <feBlend
              in="SourceGraphic"
              in2="BackgroundImageFix"
              mode="normal"
              result="shape"
            />
            <feGaussianBlur
              result="effect1_foregroundBlur"
              stdDeviation="8.15485"
            />
          </filter>
          <filter
            colorInterpolationFilters="sRGB"
            filterUnits="userSpaceOnUse"
            height="364"
            id="filter4_dd"
            width="539"
            x="41"
            y="1"
          >
            <feFlood
              floodOpacity="0"
              result="BackgroundImageFix"
            />
            <feColorMatrix
              in="SourceAlpha"
              type="matrix"
              values="0 0 0 0 0 0 0 0 0 0 0 0 0 0 0 0 0 0 127 0"
            />
            <feOffset
              dy="1"
            />
            <feColorMatrix
              type="matrix"
              values="0 0 0 0 0.130051 0 0 0 0 0.186328 0 0 0 0 0.270742 0 0 0 0.2 0"
            />
            <feBlend
              in2="BackgroundImageFix"
              mode="normal"
              result="effect1_dropShadow"
            />
            <feColorMatrix
              in="SourceAlpha"
              type="matrix"
              values="0 0 0 0 0 0 0 0 0 0 0 0 0 0 0 0 0 0 127 0"
            />
            <feOffset
              dy="-4"
            />
            <feGaussianBlur
              stdDeviation="8.5"
            />
            <feColorMatrix
              type="matrix"
              values="0 0 0 0 0 0 0 0 0 0 0 0 0 0 0 0 0 0 0.03 0"
            />
            <feBlend
              in2="effect1_dropShadow"
              mode="normal"
              result="effect2_dropShadow"
            />
            <feBlend
              in="SourceGraphic"
              in2="effect2_dropShadow"
              mode="normal"
              result="shape"
            />
          </filter>
          <linearGradient
            gradientUnits="userSpaceOnUse"
            id="paint0_linear"
            x1="464.205"
            x2="0"
            y1="0.0340909"
            y2="0.0340909"
          >
            <stop
              stopOpacity="0.01"
            />
            <stop
              offset="0.142119"
            />
            <stop
              offset="0.490956"
            />
            <stop
              offset="0.852713"
            />
            <stop
              offset="1"
              stopOpacity="0.01"
            />
          </linearGradient>
          <linearGradient
            gradientUnits="userSpaceOnUse"
            id="paint1_linear"
            x1="492.4"
            x2="28"
            y1="360.921"
            y2="360.921"
          >
            <stop
              stopColor="white"
              stopOpacity="0.01"
            />
            <stop
              offset="0.852713"
            />
            <stop
              offset="1"
              stopOpacity="0.01"
            />
          </linearGradient>
          <linearGradient
            gradientUnits="userSpaceOnUse"
            id="paint2_linear"
            x1="464.4"
            x2="0"
            y1="0.0136406"
            y2="0.0136406"
          >
            <stop
              stopColor="white"
              stopOpacity="0.01"
            />
            <stop
              offset="0.852713"
            />
            <stop
              offset="1"
              stopOpacity="0.01"
            />
          </linearGradient>
          <linearGradient
            gradientUnits="userSpaceOnUse"
            id="paint3_linear"
            x1="-27.239"
            x2="11.5308"
            y1="51.135"
            y2="381.904"
          >
            <stop
              stopColor="#F4F7FA"
            />
            <stop
              offset="1"
              stopColor="#ECEEF1"
            />
          </linearGradient>
          <linearGradient
            gradientUnits="userSpaceOnUse"
            id="paint4_linear"
            x1="10"
            x2="610"
            y1="351"
            y2="351"
          >
            <stop
              stopColor="#C9CCCF"
            />
            <stop
              offset="0.0295"
              stopColor="#D9DEE3"
            />
            <stop
              offset="0.0910352"
              stopColor="#F1F4F7"
            />
            <stop
              offset="0.195602"
              stopColor="#E1E5E9"
            />
            <stop
              offset="0.276977"
              stopColor="#D9DBDE"
            />
            <stop
              offset="0.4045"
              stopColor="#D6D8DB"
            />
            <stop
              offset="0.5945"
              stopColor="#D6D8DB"
            />
            <stop
              offset="0.66626"
              stopColor="#D9DBDE"
            />
            <stop
              offset="0.740883"
              stopColor="#E1E5E9"
            />
            <stop
              offset="0.8755"
              stopColor="#F1F4F7"
            />
            <stop
              offset="0.9725"
              stopColor="#D9DEE3"
            />
            <stop
              offset="1"
              stopColor="#C9CCCF"
            />
          </linearGradient>
          <linearGradient
            gradientUnits="userSpaceOnUse"
            id="paint5_linear"
            x1="257"
            x2="364"
            y1="352"
            y2="352"
          >
            <stop
              stopColor="#AFB2B6"
            />
            <stop
              offset="0.0218245"
              stopColor="#C9CBCE"
            />
            <stop
              offset="0.0660112"
              stopColor="#D8DBDE"
            />
            <stop
              offset="0.129038"
              stopColor="#EDEEEF"
            />
            <stop
              offset="0.332443"
              stopColor="#F0F1F2"
            />
            <stop
              offset="0.514133"
              stopColor="#EEEFF0"
            />
            <stop
              offset="0.730491"
              stopColor="#EEEFF0"
            />
            <stop
              offset="0.935393"
              stopColor="#D8DBDE"
            />
            <stop
              offset="0.977001"
              stopColor="#C9CBCE"
            />
            <stop
              offset="1"
              stopColor="#AFB2B6"
            />
          </linearGradient>
          <linearGradient
            gradientUnits="userSpaceOnUse"
            id="paint6_linear"
            x1="11"
            x2="11"
            y1="352"
            y2="360"
          >
            <stop
              stopColor="#F1F3F5"
            />
            <stop
              offset="1"
              stopColor="#A9ADB1"
            />
          </linearGradient>
          <linearGradient
            gradientUnits="userSpaceOnUse"
            id="paint7_linear"
            x1="11"
            x2="11"
            y1="352"
            y2="360"
          >
            <stop
              stopColor="#D6D9DC"
            />
            <stop
              offset="1"
              stopColor="#B0B4B7"
            />
          </linearGradient>
        </defs>
      </svg>
    </div>
  </section>
  <section
    className="section section2"
  >
    <div
      className="deviceIphone"
    >
      <img
        className="templates"
        src="templates.png"
      />
      <img
        className="iphone"
        src={
          Object {
            "ReactComponent": Object {
              "$$typeof": Symbol(react.forward_ref),
              "render": [Function],
            },
            "__esModule": true,
            "default": "iphonex.svg",
          }
        }
      />
    </div>
    <div
      className="sectionContent"
    >
      <h3
        className="sectionHeader"
      >
        Automate PM update emails and email advisors using smart templates
      </h3>
      <p
        className="text"
      >
        Never write an email again! Compose emails with one click using the Outlook email generator tools.
      </p>
    </div>
  </section>
  <section
    className="section section3"
  >
    <div
      className="sectionContent"
    >
      <h3
        className="sectionHeader"
      >
        Keep track of your personal stats using the Coordinator Dashboard
      </h3>
      <p
        className="text"
      >
        Interactive charts and personalized statistics help you on stay on track.
      </p>
    </div>
    <img
      className="dash"
      src="dashboard.png"
    />
  </section>
  <section
    className="section section4"
  >
    <h3
      className="sectionHeader"
    >
      Want to see a demo?
    </h3>
    <p
      className="text"
    >
      Sign in to the demo account - Email: demoaccount@demo.com, Password: DemoPassword1!
    </p>
  </section>
</main>
`;
